
> tyes-dashboard@0.1.0 build
> next build --webpack

▲ Next.js 16.2.4 (webpack)
- Environments: .env

  Creating an optimized production build ...
✓ Compiled successfully in 2.7s
  Skipping validation of types
  Finished TypeScript config validation in 2ms ...
  Collecting page data using 11 workers ...
  Generating static pages using 11 workers (0/29) ...
  Generating static pages using 11 workers (7/29) 
  Generating static pages using 11 workers (14/29) 
  Generating static pages using 11 workers (21/29) 
✓ Generating static pages using 11 workers (29/29) in 284ms
